---
source: core/tests/acl/src/lib.rs
expression: resolved
---
Resolved {
    allowed_commands: {
        CommandKey {
            name: "plugin:ping|ping",
            context: Local,
        }: ResolvedCommand {
            windows: [
                Pattern {
                    original: "main",
                    tokens: [
                        Char(
                            'm',
                        ),
                        Char(
                            'a',
                        ),
                        Char(
                            'i',
                        ),
                        Char(
                            'n',
                        ),
                    ],
                    is_recursive: false,
                },
            ],
            webviews: [],
            scope: None,
        },
    },
    denied_commands: {},
    command_scope: {},
    global_scope: {},
}
