---
source: core/tests/acl/src/lib.rs
expression: resolved
---
Resolved {
    allowed_commands: {
        "plugin:fs|read_dir": [
            ResolvedCommand {
                context: Remote {
                    url: Pattern {
                        original: "https://tauri.app",
                        tokens: [
                            Char(
                                'h',
                            ),
                            Char(
                                't',
                            ),
                            Char(
                                't',
                            ),
                            Char(
                                'p',
                            ),
                            Char(
                                's',
                            ),
                            Char(
                                ':',
                            ),
                            Char(
                                '/',
                            ),
                            Char(
                                '/',
                            ),
                            Char(
                                't',
                            ),
                            Char(
                                'a',
                            ),
                            Char(
                                'u',
                            ),
                            Char(
                                'r',
                            ),
                            Char(
                                'i',
                            ),
                            Char(
                                '.',
                            ),
                            Char(
                                'a',
                            ),
                            Char(
                                'p',
                            ),
                            Char(
                                'p',
                            ),
                        ],
                        is_recursive: false,
                    },
                },
                windows: [
                    Pattern {
                        original: "main",
                        tokens: [
                            Char(
                                'm',
                            ),
                            Char(
                                'a',
                            ),
                            Char(
                                'i',
                            ),
                            Char(
                                'n',
                            ),
                        ],
                        is_recursive: false,
                    },
                ],
                webviews: [],
                scope_id: None,
            },
        ],
        "plugin:fs|read_file": [
            ResolvedCommand {
                context: Remote {
                    url: Pattern {
                        original: "https://tauri.app",
                        tokens: [
                            Char(
                                'h',
                            ),
                            Char(
                                't',
                            ),
                            Char(
                                't',
                            ),
                            Char(
                                'p',
                            ),
                            Char(
                                's',
                            ),
                            Char(
                                ':',
                            ),
                            Char(
                                '/',
                            ),
                            Char(
                                '/',
                            ),
                            Char(
                                't',
                            ),
                            Char(
                                'a',
                            ),
                            Char(
                                'u',
                            ),
                            Char(
                                'r',
                            ),
                            Char(
                                'i',
                            ),
                            Char(
                                '.',
                            ),
                            Char(
                                'a',
                            ),
                            Char(
                                'p',
                            ),
                            Char(
                                'p',
                            ),
                        ],
                        is_recursive: false,
                    },
                },
                windows: [
                    Pattern {
                        original: "main",
                        tokens: [
                            Char(
                                'm',
                            ),
                            Char(
                                'a',
                            ),
                            Char(
                                'i',
                            ),
                            Char(
                                'n',
                            ),
                        ],
                        is_recursive: false,
                    },
                ],
                webviews: [],
                scope_id: None,
            },
        ],
    },
    denied_commands: {},
    command_scope: {},
    global_scope: {
        "fs": ResolvedScope {
            allow: [
                Map(
                    {
                        "path": String(
                            "$APP",
                        ),
                    },
                ),
            ],
            deny: [],
        },
    },
}
