---
source: core/tests/acl/src/lib.rs
expression: resolved
---
Resolved {
    allowed_commands: {
        CommandKey {
            name: "plugin:os|spawn",
            context: Local,
        }: ResolvedCommand {
            windows: [
                Pattern {
                    original: "main",
                    tokens: [
                        Char(
                            'm',
                        ),
                        Char(
                            'a',
                        ),
                        Char(
                            'i',
                        ),
                        Char(
                            'n',
                        ),
                    ],
                    is_recursive: false,
                },
            ],
            webviews: [],
            scope: Some(
                7912899488978770657,
            ),
        },
    },
    denied_commands: {},
    command_scope: {
        7912899488978770657: ResolvedScope {
            allow: [
                Map(
                    {
                        "command": String(
                            "safari",
                        ),
                    },
                ),
            ],
            deny: [],
        },
    },
    global_scope: {
        "os": ResolvedScope {
            allow: [
                Map(
                    {
                        "path": String(
                            "$HOME/Library/**",
                        ),
                    },
                ),
            ],
            deny: [],
        },
    },
}
